// Jest Snapshot v1, https://goo.gl/fbAQLP

exports[`HeaderSection renders 1`] = `
<header>
  <div
    className="report-header-bar"
  >
    <BrandWhite />
    <div
      className="ms-font-m header-text ms-fontWeight-semibold"
    >
      Accessibility Insights for Android
    </div>
  </div>
</header>
`;
